[INFO] Scanning for projects...
[INFO] 
[INFO] -----------------------< com.nmit:duty-exchange >-----------------------
[INFO] Building duty-exchange 0.0.1-SNAPSHOT
[INFO]   from pom.xml
[INFO] --------------------------------[ jar ]---------------------------------
[INFO] 
[INFO] --- clean:3.3.2:clean (default-clean) @ duty-exchange ---
[INFO] Deleting C:\Users\anilk\Desktop\module5\backend\target
[INFO] 
[INFO] --- resources:3.3.1:resources (default-resources) @ duty-exchange ---
[INFO] Copying 1 resource from src\main\resources to target\classes
[INFO] Copying 0 resource from src\main\resources to target\classes
[INFO] 
[INFO] --- compiler:3.11.0:compile (default-compile) @ duty-exchange ---
[INFO] Changes detected - recompiling the module! :source
[INFO] Compiling 7 source files with javac [debug release 17] to target\classes
[INFO] -------------------------------------------------------------
[ERROR] COMPILATION ERROR : 
[INFO] -------------------------------------------------------------
[ERROR] /C:/Users/anilk/Desktop/module5/backend/src/main/java/com/nmit/dutyexchange/controller/DutyExchangeController.java:[21,41] cannot find symbol
  symbol:   method createExchange(com.nmit.dutyexchange.model.DutyExchange)
  location: variable service of type com.nmit.dutyexchange.service.DutyExchangeService
[ERROR] /C:/Users/anilk/Desktop/module5/backend/src/main/java/com/nmit/dutyexchange/controller/DutyExchangeController.java:[26,41] cannot find symbol
  symbol:   method getAllExchanges()
  location: variable service of type com.nmit.dutyexchange.service.DutyExchangeService
[ERROR] /C:/Users/anilk/Desktop/module5/backend/src/main/java/com/nmit/dutyexchange/service/DutyExchangeService.java:[52,21] cannot find symbol
  symbol:   variable emailService
  location: class com.nmit.dutyexchange.service.DutyExchangeService
[ERROR] /C:/Users/anilk/Desktop/module5/backend/src/main/java/com/nmit/dutyexchange/service/DutyExchangeService.java:[55,21] cannot find symbol
  symbol:   variable emailService
  location: class com.nmit.dutyexchange.service.DutyExchangeService
[ERROR] /C:/Users/anilk/Desktop/module5/backend/src/main/java/com/nmit/dutyexchange/service/DutyExchangeService.java:[61,21] cannot find symbol
  symbol:   variable emailService
  location: class com.nmit.dutyexchange.service.DutyExchangeService
[ERROR] /C:/Users/anilk/Desktop/module5/backend/src/main/java/com/nmit/dutyexchange/service/DutyExchangeService.java:[64,21] cannot find symbol
  symbol:   variable emailService
  location: class com.nmit.dutyexchange.service.DutyExchangeService
[INFO] 6 errors 
[INFO] -------------------------------------------------------------
[INFO] ------------------------------------------------------------------------
[INFO] BUILD FAILURE
[INFO] ------------------------------------------------------------------------
[INFO] Total time:  4.861 s
[INFO] Finished at: 2026-02-03T11:06:11+05:30
[INFO] ------------------------------------------------------------------------
[ERROR] Failed to execute goal org.apache.maven.plugins:maven-compiler-plugin:3.11.0:compile (default-compile) on project duty-exchange: Compilation failure: Compilation failure: 
[ERROR] /C:/Users/anilk/Desktop/module5/backend/src/main/java/com/nmit/dutyexchange/controller/DutyExchangeController.java:[21,41] cannot find symbol
[ERROR]   symbol:   method createExchange(com.nmit.dutyexchange.model.DutyExchange)
[ERROR]   location: variable service of type com.nmit.dutyexchange.service.DutyExchangeService
[ERROR] /C:/Users/anilk/Desktop/module5/backend/src/main/java/com/nmit/dutyexchange/controller/DutyExchangeController.java:[26,41] cannot find symbol
[ERROR]   symbol:   method getAllExchanges()
[ERROR]   location: variable service of type com.nmit.dutyexchange.service.DutyExchangeService
[ERROR] /C:/Users/anilk/Desktop/module5/backend/src/main/java/com/nmit/dutyexchange/service/DutyExchangeService.java:[52,21] cannot find symbol
[ERROR]   symbol:   variable emailService
[ERROR]   location: class com.nmit.dutyexchange.service.DutyExchangeService
[ERROR] /C:/Users/anilk/Desktop/module5/backend/src/main/java/com/nmit/dutyexchange/service/DutyExchangeService.java:[55,21] cannot find symbol
[ERROR]   symbol:   variable emailService
[ERROR]   location: class com.nmit.dutyexchange.service.DutyExchangeService
[ERROR] /C:/Users/anilk/Desktop/module5/backend/src/main/java/com/nmit/dutyexchange/service/DutyExchangeService.java:[61,21] cannot find symbol
[ERROR]   symbol:   variable emailService
[ERROR]   location: class com.nmit.dutyexchange.service.DutyExchangeService
[ERROR] /C:/Users/anilk/Desktop/module5/backend/src/main/java/com/nmit/dutyexchange/service/DutyExchangeService.java:[64,21] cannot find symbol
[ERROR]   symbol:   variable emailService
[ERROR]   location: class com.nmit.dutyexchange.service.DutyExchangeService
[ERROR] -> [Help 1]
[ERROR] 
[ERROR] To see the full stack trace of the errors, re-run Maven with the -e switch.
[ERROR] Re-run Maven using the -X switch to enable full debug logging.
[ERROR] 
[ERROR] For more information about the errors and possible solutions, please read the following articles:
[ERROR] [Help 1] http://cwiki.apache.org/confluence/display/MAVEN/MojoFailureException
