[INFO] Scanning for projects...
[INFO] 
[INFO] -----------------------< com.nmit:duty-exchange >-----------------------
[INFO] Building duty-exchange 0.0.1-SNAPSHOT
[INFO]   from pom.xml
[INFO] --------------------------------[ jar ]---------------------------------
[INFO] 
[INFO] --- resources:3.3.1:resources (default-resources) @ duty-exchange ---
[INFO] Copying 1 resource from src\main\resources to target\classes
[INFO] Copying 0 resource from src\main\resources to target\classes
[INFO] 
[INFO] --- compiler:3.11.0:compile (default-compile) @ duty-exchange ---
[INFO] Nothing to compile - all classes are up to date
[INFO] 
[INFO] --- resources:3.3.1:testResources (default-testResources) @ duty-exchange ---
[INFO] skip non existing resourceDirectory C:\Users\anilk\Desktop\module5\backend\src\test\resources
[INFO] 
[INFO] --- compiler:3.11.0:testCompile (default-testCompile) @ duty-exchange ---
[INFO] Nothing to compile - all classes are up to date
[INFO] 
[INFO] --- surefire:3.1.2:test (default-test) @ duty-exchange ---
[INFO] Using auto detected provider org.apache.maven.surefire.junitplatform.JUnitPlatformProvider
[INFO] 
[INFO] -------------------------------------------------------
[INFO]  T E S T S
[INFO] -------------------------------------------------------
[INFO] Running com.nmit.dutyexchange.service.PdfGenerationServiceTest
[ERROR] Tests run: 1, Failures: 0, Errors: 1, Skipped: 0, Time elapsed: 0.109 s <<< FAILURE! -- in com.nmit.dutyexchange.service.PdfGenerationServiceTest
[ERROR] com.nmit.dutyexchange.service.PdfGenerationServiceTest.testGeneratePdf -- Time elapsed: 0.057 s <<< ERROR!
java.lang.Error: 
Unresolved compilation problems: 
	The method makeLightGray(float) is undefined for the type DeviceGray
	The method makeLightGray(float) is undefined for the type DeviceGray
	The method makeLightGray(float) is undefined for the type DeviceGray

	at com.nmit.dutyexchange.service.PdfGenerationService.generateDutyExchangePdf(PdfGenerationService.java:51)
	at com.nmit.dutyexchange.service.PdfGenerationServiceTest.testGeneratePdf(PdfGenerationServiceTest.java:40)
	at java.base/java.lang.reflect.Method.invoke(Method.java:569)
	at java.base/java.util.ArrayList.forEach(ArrayList.java:1511)
	at java.base/java.util.ArrayList.forEach(ArrayList.java:1511)

[INFO] 
[INFO] Results:
[INFO] 
[ERROR] Errors: 
[ERROR]   PdfGenerationServiceTest.testGeneratePdf:40 ╗  Unresolved compilation problems: 
	The method makeLightGray(float) is undefined for the type DeviceGray
	The method makeLightGray(float) is undefined for the type DeviceGray
	The method makeLightGray(float) is undefined for the type DeviceGray

[INFO] 
[ERROR] Tests run: 1, Failures: 0, Errors: 1, Skipped: 0
[INFO] 
[INFO] ------------------------------------------------------------------------
[INFO] BUILD FAILURE
[INFO] ------------------------------------------------------------------------
[INFO] Total time:  3.974 s
[INFO] Finished at: 2026-02-03T11:22:16+05:30
[INFO] ------------------------------------------------------------------------
[ERROR] Failed to execute goal org.apache.maven.plugins:maven-surefire-plugin:3.1.2:test (default-test) on project duty-exchange: 
[ERROR] 
[ERROR] Please refer to C:\Users\anilk\Desktop\module5\backend\target\surefire-reports for the individual test results.
[ERROR] Please refer to dump files (if any exist) [date].dump, [date]-jvmRun[N].dump and [date].dumpstream.
[ERROR] -> [Help 1]
[ERROR] 
[ERROR] To see the full stack trace of the errors, re-run Maven with the -e switch.
[ERROR] Re-run Maven using the -X switch to enable full debug logging.
[ERROR] 
[ERROR] For more information about the errors and possible solutions, please read the following articles:
[ERROR] [Help 1] http://cwiki.apache.org/confluence/display/MAVEN/MojoFailureException
